This is pdfTeX, Version 3.141592653-2.6-1.40.29 (TeX Live 2026) (preloaded format=pdflatex 2026.4.24)  19 JUN 2026 14:41
entering extended mode
 restricted \write18 enabled.
 %&-line parsing enabled.
**main.tex
(./main.tex
LaTeX2e <2025-11-01>
L3 programming layer <2026-03-20>
(d:/Program Files/texlive/2026/texmf-dist/tex/latex/ieeetran/IEEEtran.cls
Document Class: IEEEtran 2015/08/26 V1.8b by Michael Shell
-- See the "IEEEtran_HOWTO" manual for usage information.
-- http://www.michaelshell.org/tex/ieeetran/
\@IEEEtrantmpdimenA=\dimen150
\@IEEEtrantmpdimenB=\dimen151
\@IEEEtrantmpdimenC=\dimen152
\@IEEEtrantmpcountA=\count275
\@IEEEtrantmpcountB=\count276
\@IEEEtrantmpcountC=\count277
\@IEEEtrantmptoksA=\toks17
LaTeX Font Info:    Trying to load font information for OT1+ptm on input line 5
03.
(d:/Program Files/texlive/2026/texmf-dist/tex/latex/psnfss/ot1ptm.fd
File: ot1ptm.fd 2001/06/04 font definitions for OT1/ptm.
)
-- Using 8.5in x 11in (letter) paper.
-- Using PDF output.
\@IEEEnormalsizeunitybaselineskip=\dimen153
-- This is a 10 point document.
LaTeX Encoding Info:    Redeclaring text command \textunderscore (encoding ?) o
n input line 937.
\CLASSINFOnormalsizebaselineskip=\dimen154
\CLASSINFOnormalsizeunitybaselineskip=\dimen155
\IEEEnormaljot=\dimen156
LaTeX Font Info:    Font shape `OT1/ptm/bx/n' in size <5> not available
(Font)              Font shape `OT1/ptm/b/n' tried instead on input line 1090.
LaTeX Font Info:    Font shape `OT1/ptm/bx/it' in size <5> not available
(Font)              Font shape `OT1/ptm/b/it' tried instead on input line 1090.

LaTeX Font Info:    Font shape `OT1/ptm/bx/n' in size <7> not available
(Font)              Font shape `OT1/ptm/b/n' tried instead on input line 1090.
LaTeX Font Info:    Font shape `OT1/ptm/bx/it' in size <7> not available
(Font)              Font shape `OT1/ptm/b/it' tried instead on input line 1090.

LaTeX Font Info:    Font shape `OT1/ptm/bx/n' in size <8> not available
(Font)              Font shape `OT1/ptm/b/n' tried instead on input line 1090.
LaTeX Font Info:    Font shape `OT1/ptm/bx/it' in size <8> not available
(Font)              Font shape `OT1/ptm/b/it' tried instead on input line 1090.

LaTeX Font Info:    Font shape `OT1/ptm/bx/n' in size <9> not available
(Font)              Font shape `OT1/ptm/b/n' tried instead on input line 1090.
LaTeX Font Info:    Font shape `OT1/ptm/bx/it' in size <9> not available
(Font)              Font shape `OT1/ptm/b/it' tried instead on input line 1090.

LaTeX Font Info:    Font shape `OT1/ptm/bx/n' in size <10> not available
(Font)              Font shape `OT1/ptm/b/n' tried instead on input line 1090.
LaTeX Font Info:    Font shape `OT1/ptm/bx/it' in size <10> not available
(Font)              Font shape `OT1/ptm/b/it' tried instead on input line 1090.

LaTeX Font Info:    Font shape `OT1/ptm/bx/n' in size <11> not available
(Font)              Font shape `OT1/ptm/b/n' tried instead on input line 1090.
LaTeX Font Info:    Font shape `OT1/ptm/bx/it' in size <11> not available
(Font)              Font shape `OT1/ptm/b/it' tried instead on input line 1090.

LaTeX Font Info:    Font shape `OT1/ptm/bx/n' in size <12> not available
(Font)              Font shape `OT1/ptm/b/n' tried instead on input line 1090.
LaTeX Font Info:    Font shape `OT1/ptm/bx/it' in size <12> not available
(Font)              Font shape `OT1/ptm/b/it' tried instead on input line 1090.

LaTeX Font Info:    Font shape `OT1/ptm/bx/n' in size <17> not available
(Font)              Font shape `OT1/ptm/b/n' tried instead on input line 1090.
LaTeX Font Info:    Font shape `OT1/ptm/bx/it' in size <17> not available
(Font)              Font shape `OT1/ptm/b/it' tried instead on input line 1090.

LaTeX Font Info:    Font shape `OT1/ptm/bx/n' in size <20> not available
(Font)              Font shape `OT1/ptm/b/n' tried instead on input line 1090.
LaTeX Font Info:    Font shape `OT1/ptm/bx/it' in size <20> not available
(Font)              Font shape `OT1/ptm/b/it' tried instead on input line 1090.

LaTeX Font Info:    Font shape `OT1/ptm/bx/n' in size <24> not available
(Font)              Font shape `OT1/ptm/b/n' tried instead on input line 1090.
LaTeX Font Info:    Font shape `OT1/ptm/bx/it' in size <24> not available
(Font)              Font shape `OT1/ptm/b/it' tried instead on input line 1090.

\IEEEquantizedlength=\dimen157
\IEEEquantizedlengthdiff=\dimen158
\IEEEquantizedtextheightdiff=\dimen159
\IEEEilabelindentA=\dimen160
\IEEEilabelindentB=\dimen161
\IEEEilabelindent=\dimen162
\IEEEelabelindent=\dimen163
\IEEEdlabelindent=\dimen164
\IEEElabelindent=\dimen165
\IEEEiednormlabelsep=\dimen166
\IEEEiedmathlabelsep=\dimen167
\IEEEiedtopsep=\skip49
\c@section=\count278
\c@subsection=\count279
\c@subsubsection=\count280
\c@paragraph=\count281
\c@IEEEsubequation=\count282
\abovecaptionskip=\skip50
\belowcaptionskip=\skip51
\c@figure=\count283
\c@table=\count284
\@IEEEeqnnumcols=\count285
\@IEEEeqncolcnt=\count286
\@IEEEsubeqnnumrollback=\count287
\@IEEEquantizeheightA=\dimen168
\@IEEEquantizeheightB=\dimen169
\@IEEEquantizeheightC=\dimen170
\@IEEEquantizeprevdepth=\dimen171
\@IEEEquantizemultiple=\count288
\@IEEEquantizeboxA=\box53
\@IEEEtmpitemindent=\dimen172
\IEEEPARstartletwidth=\dimen173
\c@IEEEbiography=\count289
\@IEEEtranrubishbin=\box54
) (d:/Program Files/texlive/2026/texmf-dist/tex/latex/url/url.sty
\Urlmuskip=\muskip17
Package: url 2013/09/16  ver 3.4  Verb mode for urls, etc.
)
(d:/Program Files/texlive/2026/texmf-dist/tex/latex/graphics/graphicx.sty
Package: graphicx 2024/12/31 v1.2e Enhanced LaTeX Graphics (DPC,SPQR)

(d:/Program Files/texlive/2026/texmf-dist/tex/latex/graphics/keyval.sty
Package: keyval 2022/05/29 v1.15 key=value parser (DPC)
\KV@toks@=\toks18
)
(d:/Program Files/texlive/2026/texmf-dist/tex/latex/graphics/graphics.sty
Package: graphics 2024/08/06 v1.4g Standard LaTeX Graphics (DPC,SPQR)

(d:/Program Files/texlive/2026/texmf-dist/tex/latex/graphics/trig.sty
Package: trig 2023/12/02 v1.11 sin cos tan (DPC)
)
(d:/Program Files/texlive/2026/texmf-dist/tex/latex/graphics-cfg/graphics.cfg
File: graphics.cfg 2016/06/04 v1.11 sample graphics configuration
)
Package graphics Info: Driver file: pdftex.def on input line 106.

(d:/Program Files/texlive/2026/texmf-dist/tex/latex/graphics-def/pdftex.def
File: pdftex.def 2025/09/29 v1.2d Graphics/color driver for pdftex
))
\Gin@req@height=\dimen174
\Gin@req@width=\dimen175
)
(d:/Program Files/texlive/2026/texmf-dist/tex/latex/subfigure/subfigure.sty
Package: subfigure 2002/03/15 v2.1.5 subfigure package
\subfigtopskip=\skip52
\subfigcapskip=\skip53
\subfigcaptopadj=\dimen176
\subfigbottomskip=\skip54
\subfigcapmargin=\dimen177
\subfiglabelskip=\skip55
\c@subfigure=\count290
\c@lofdepth=\count291
\c@subtable=\count292
\c@lotdepth=\count293

****************************************
* Local config file subfigure.cfg used *
****************************************
(d:/Program Files/texlive/2026/texmf-dist/tex/latex/subfigure/subfigure.cfg)
\subfig@top=\skip56
\subfig@bottom=\skip57
)
(d:/Program Files/texlive/2026/texmf-dist/tex/latex/booktabs/booktabs.sty
Package: booktabs 2020/01/12 v1.61803398 Publication quality tables
\heavyrulewidth=\dimen178
\lightrulewidth=\dimen179
\cmidrulewidth=\dimen180
\belowrulesep=\dimen181
\belowbottomsep=\dimen182
\aboverulesep=\dimen183
\abovetopsep=\dimen184
\cmidrulesep=\dimen185
\cmidrulekern=\dimen186
\defaultaddspace=\dimen187
\@cmidla=\count294
\@cmidlb=\count295
\@aboverulesep=\dimen188
\@belowrulesep=\dimen189
\@thisruleclass=\count296
\@lastruleclass=\count297
\@thisrulewidth=\dimen190
)
(d:/Program Files/texlive/2026/texmf-dist/tex/latex/tools/array.sty
Package: array 2025/09/25 v2.6n Tabular extension package (FMi)
\col@sep=\dimen191
\ar@mcellbox=\box55
\extrarowheight=\dimen192
\NC@list=\toks19
\extratabsurround=\skip58
\backup@length=\skip59
\ar@cellbox=\box56
)
(d:/Program Files/texlive/2026/texmf-dist/tex/latex/amsmath/amsmath.sty
Package: amsmath 2025/07/09 v2.17z AMS math features
\@mathmargin=\skip60

For additional information on amsmath, use the `?' option.
(d:/Program Files/texlive/2026/texmf-dist/tex/latex/amsmath/amstext.sty
Package: amstext 2024/11/17 v2.01 AMS text

(d:/Program Files/texlive/2026/texmf-dist/tex/latex/amsmath/amsgen.sty
File: amsgen.sty 1999/11/30 v2.0 generic functions
\@emptytoks=\toks20
\ex@=\dimen193
))
(d:/Program Files/texlive/2026/texmf-dist/tex/latex/amsmath/amsbsy.sty
Package: amsbsy 1999/11/29 v1.2d Bold Symbols
\pmbraise@=\dimen194
)
(d:/Program Files/texlive/2026/texmf-dist/tex/latex/amsmath/amsopn.sty
Package: amsopn 2022/04/08 v2.04 operator names
)
\inf@bad=\count298
LaTeX Info: Redefining \frac on input line 233.
\uproot@=\count299
\leftroot@=\count300
LaTeX Info: Redefining \overline on input line 398.
LaTeX Info: Redefining \colon on input line 409.
\classnum@=\count301
\DOTSCASE@=\count302
LaTeX Info: Redefining \ldots on input line 495.
LaTeX Info: Redefining \dots on input line 498.
LaTeX Info: Redefining \cdots on input line 619.
\Mathstrutbox@=\box57
\strutbox@=\box58
LaTeX Info: Redefining \big on input line 721.
LaTeX Info: Redefining \Big on input line 722.
LaTeX Info: Redefining \bigg on input line 723.
LaTeX Info: Redefining \Bigg on input line 724.
\big@size=\dimen195
LaTeX Font Info:    Redeclaring font encoding OML on input line 742.
LaTeX Font Info:    Redeclaring font encoding OMS on input line 743.
\macc@depth=\count303
LaTeX Info: Redefining \bmod on input line 904.
LaTeX Info: Redefining \pmod on input line 909.
LaTeX Info: Redefining \smash on input line 939.
LaTeX Info: Redefining \relbar on input line 969.
LaTeX Info: Redefining \Relbar on input line 970.
\c@MaxMatrixCols=\count304
\dotsspace@=\muskip18
\c@parentequation=\count305
\dspbrk@lvl=\count306
\tag@help=\toks21
\row@=\count307
\column@=\count308
\maxfields@=\count309
\andhelp@=\toks22
\eqnshift@=\dimen196
\alignsep@=\dimen197
\tagshift@=\dimen198
\tagwidth@=\dimen199
\totwidth@=\dimen256
\lineht@=\dimen257
\@envbody=\toks23
\multlinegap=\skip61
\multlinetaggap=\skip62
\mathdisplay@stack=\toks24
LaTeX Info: Redefining \[ on input line 2950.
LaTeX Info: Redefining \] on input line 2951.
)
(d:/Program Files/texlive/2026/texmf-dist/tex/latex/amscls/amsthm.sty
Package: amsthm 2020/05/29 v2.20.6
\thm@style=\toks25
\thm@bodyfont=\toks26
\thm@headfont=\toks27
\thm@notefont=\toks28
\thm@headpunct=\toks29
\thm@preskip=\skip63
\thm@postskip=\skip64
\thm@headsep=\skip65
\dth@everypar=\toks30
)
(d:/Program Files/texlive/2026/texmf-dist/tex/latex/amsfonts/amssymb.sty
Package: amssymb 2013/01/14 v3.01 AMS font symbols

(d:/Program Files/texlive/2026/texmf-dist/tex/latex/amsfonts/amsfonts.sty
Package: amsfonts 2013/01/14 v3.01 Basic AMSFonts support
\symAMSa=\mathgroup4
\symAMSb=\mathgroup5
LaTeX Font Info:    Redeclaring math symbol \hbar on input line 98.
LaTeX Font Info:    Overwriting math alphabet `\mathfrak' in version `bold'
(Font)                  U/euf/m/n --> U/euf/b/n on input line 106.
))
(d:/Program Files/texlive/2026/texmf-dist/tex/latex/autobreak/autobreak.sty
Package: autobreak 2017/02/23 v0.3 simple line breaking of long formulae
\everybeforeautobreak=\toks31
\everyafterautobreak=\toks32
\@autobreak@alltoks=\toks33
\@autobreak@linetoks=\toks34
\@autobreak@lhswidth=\dimen258
\@autobreak@rhswidth=\dimen259
\@autobreak@maxlhswidth=\dimen260
\@autobreak@realmaxlhswidth=\dimen261
\@autobreak@maxrhswidth=\dimen262
\c@@autobreak@eqnindex=\count310
\c@@autobreak@subeqnindex=\count311

(d:/Program Files/texlive/2026/texmf-dist/tex/generic/catchfile/catchfile.sty
Package: catchfile 2019/12/09 v1.8 Catch the contents of a file (HO)

(d:/Program Files/texlive/2026/texmf-dist/tex/generic/infwarerr/infwarerr.sty
Package: infwarerr 2019/12/03 v1.5 Providing info/warning/error messages (HO)
)
(d:/Program Files/texlive/2026/texmf-dist/tex/generic/ltxcmds/ltxcmds.sty
Package: ltxcmds 2023-12-04 v1.26 LaTeX kernel commands for general use (HO)
)
(d:/Program Files/texlive/2026/texmf-dist/tex/generic/etexcmds/etexcmds.sty
Package: etexcmds 2019/12/15 v1.7 Avoid name clashes with e-TeX commands (HO)

(d:/Program Files/texlive/2026/texmf-dist/tex/generic/iftex/iftex.sty
Package: iftex 2024/12/12 v1.0g TeX engine tests
))))
(d:/Program Files/texlive/2026/texmf-dist/tex/latex/psnfss/pifont.sty
Package: pifont 2020/03/25 PSNFSS-v9.3 Pi font support (SPQR) 
LaTeX Font Info:    Trying to load font information for U+pzd on input line 63.


(d:/Program Files/texlive/2026/texmf-dist/tex/latex/psnfss/upzd.fd
File: upzd.fd 2001/06/04 font definitions for U/pzd.
)
LaTeX Font Info:    Trying to load font information for U+psy on input line 64.


(d:/Program Files/texlive/2026/texmf-dist/tex/latex/psnfss/upsy.fd
File: upsy.fd 2001/06/04 font definitions for U/psy.
))
(d:/Program Files/texlive/2026/texmf-dist/tex/latex/algorithm2e/algorithm2e.sty
Package: algorithm2e 2017/07/18 v5.2 algorithms environments
\c@AlgoLine=\count312
(d:/Program Files/texlive/2026/texmf-dist/tex/latex/base/ifthen.sty
Package: ifthen 2024/03/16 v1.1e Standard LaTeX ifthen package (DPC)
)
\algocf@hangindent=\skip66

(d:/Program Files/texlive/2026/texmf-dist/tex/latex/ifoddpage/ifoddpage.sty
Package: ifoddpage 2022/10/18 v1.2 Conditionals for odd/even page detection
\c@checkoddpage=\count313
)
(d:/Program Files/texlive/2026/texmf-dist/tex/latex/tools/xspace.sty
Package: xspace 2014/10/28 v1.13 Space after command names (DPC,MH)
)
(d:/Program Files/texlive/2026/texmf-dist/tex/latex/relsize/relsize.sty
Package: relsize 2013/03/29 ver 4.1
)
\skiptotal=\skip67
\skiplinenumber=\skip68
\skiprule=\skip69
\skiphlne=\skip70
\skiptext=\skip71
\skiplength=\skip72
\algomargin=\skip73
\skipalgocfslide=\skip74
\algowidth=\dimen263
\inoutsize=\dimen264
\inoutindent=\dimen265
\interspacetitleruled=\dimen266
\interspacealgoruled=\dimen267
\interspacetitleboxruled=\dimen268
\algocf@ruledwidth=\skip75
\algocf@inoutbox=\box59
\algocf@inputbox=\box60
\AlCapSkip=\skip76
\AlCapHSkip=\skip77
\algoskipindent=\skip78
\algocf@nlbox=\box61
\algocf@hangingbox=\box62
\algocf@untilbox=\box63
\algocf@skipuntil=\skip79
\algocf@capbox=\box64
\algocf@lcaptionbox=\skip80
\algoheightruledefault=\skip81
\algoheightrule=\skip82
\algotitleheightruledefault=\skip83
\algotitleheightrule=\skip84
\c@algocfline=\count314
\c@algocfproc=\count315
\c@algocf=\count316
\algocf@algoframe=\box65
\algocf@algobox=\box66
)
(d:/Program Files/texlive/2026/texmf-dist/tex/latex/xcolor/xcolor.sty
Package: xcolor 2024/09/29 v3.02 LaTeX color extensions (UK)

(d:/Program Files/texlive/2026/texmf-dist/tex/latex/graphics-cfg/color.cfg
File: color.cfg 2016/01/02 v1.6 sample color configuration
)
Package xcolor Info: Driver file: pdftex.def on input line 274.

(d:/Program Files/texlive/2026/texmf-dist/tex/latex/graphics/mathcolor.ltx)
Package xcolor Info: Model `cmy' substituted by `cmy0' on input line 1349.
Package xcolor Info: Model `hsb' substituted by `rgb' on input line 1353.
Package xcolor Info: Model `RGB' extended on input line 1365.
Package xcolor Info: Model `HTML' substituted by `rgb' on input line 1367.
Package xcolor Info: Model `Hsb' substituted by `hsb' on input line 1368.
Package xcolor Info: Model `tHsb' substituted by `hsb' on input line 1369.
Package xcolor Info: Model `HSB' substituted by `hsb' on input line 1370.
Package xcolor Info: Model `Gray' substituted by `gray' on input line 1371.
Package xcolor Info: Model `wave' substituted by `hsb' on input line 1372.
)
(d:/Program Files/texlive/2026/texmf-dist/tex/latex/colortbl/colortbl.sty
Package: colortbl 2024/10/29 v1.0k Color table columns (DPC)
\everycr=\toks35
\minrowclearance=\skip85
\rownum=\count317
)
(d:/Program Files/texlive/2026/texmf-dist/tex/latex/footmisc/footmisc.sty
Package: footmisc 2025/05/09 v7.0b a miscellany of footnote facilities
\FN@temptoken=\toks36
\footnotemargin=\dimen269
Package footmisc Info: Declaring symbol style bringhurst on input line 549.
Package footmisc Info: Declaring symbol style chicago on input line 557.
Package footmisc Info: Declaring symbol style wiley on input line 566.
Package footmisc Info: Declaring symbol style lamport-robust on input line 577.

Package footmisc Info: Declaring symbol style lamport* on input line 597.
Package footmisc Info: Declaring symbol style lamport*-robust on input line 618
.
)
(d:/Program Files/texlive/2026/texmf-dist/tex/latex/tools/bm.sty
Package: bm 2025/10/21 v1.2g Bold Symbol Support (DPC/FMi)
\symboldoperators=\mathgroup6
\symboldletters=\mathgroup7
\symboldsymbols=\mathgroup8
Package bm Info: No bold for \OMX/cmex/m/n, using \pmb.
Package bm Info: No bold for \U/msa/m/n, using \pmb.
Package bm Info: No bold for \U/msb/m/n, using \pmb.
LaTeX Font Info:    Redeclaring math alphabet \mathbf on input line 149.
)
(d:/Program Files/texlive/2026/texmf-dist/tex/latex/graphics/epsfig.sty
Package: epsfig 2024/01/14 v1.7b (e)psfig emulation (SPQR)
\epsfxsize=\dimen270
\epsfysize=\dimen271
)
(d:/Program Files/texlive/2026/texmf-dist/tex/latex/tools/verbatim.sty
Package: verbatim 2024-01-22 v1.5x LaTeX2e package for verbatim enhancements
\every@verbatim=\toks37
\verbatim@line=\toks38
\verbatim@in@stream=\read2
)
(d:/Program Files/texlive/2026/texmf-dist/tex/latex/cite/cite.sty
LaTeX Info: Redefining \cite on input line 302.
LaTeX Info: Redefining \nocite on input line 332.
Package: cite 2015/02/27  v 5.5
)
(d:/Program Files/texlive/2026/texmf-dist/tex/latex/tools/tabularx.sty
Package: tabularx 2023/12/11 v2.12a `tabularx' package (DPC)
\TX@col@width=\dimen272
\TX@old@table=\dimen273
\TX@old@col=\dimen274
\TX@target=\dimen275
\TX@delta=\dimen276
\TX@cols=\count318
\TX@ftn=\toks39
)
(d:/Program Files/texlive/2026/texmf-dist/tex/latex/caption/caption.sty
Package: caption 2023/08/05 v3.6o Customizing captions (AR)

(d:/Program Files/texlive/2026/texmf-dist/tex/latex/caption/caption3.sty
Package: caption3 2023/07/31 v2.4d caption3 kernel (AR)
\caption@tempdima=\dimen277
\captionmargin=\dimen278
\caption@leftmargin=\dimen279
\caption@rightmargin=\dimen280
\caption@width=\dimen281
\caption@indent=\dimen282
\caption@parindent=\dimen283
\caption@hangindent=\dimen284
Package caption Info: Unknown document class (or package),
(caption)             standard defaults will be used.
Package caption Info: \@makecaption = \long macro:#1#2->\ifx \@captype \@IEEEta
blestring \footnotesize \bgroup \par \centering \@IEEEtabletopskipstrut {\norma
lfont \footnotesize #1}\\{\normalfont \footnotesize \scshape #2}\par \addvspace
 {0.5\baselineskip }\egroup \@IEEEtablecaptionsepspace \else \@IEEEfigurecaptio
nsepspace \setbox \@tempboxa \hbox {\normalfont \footnotesize {#1.}\nobreakspac
e \nobreakspace #2}\ifdim \wd \@tempboxa >\hsize \setbox \@tempboxa \hbox {\nor
malfont \footnotesize {#1.}\nobreakspace \nobreakspace }\parbox [t]{\hsize }{\n
ormalfont \footnotesize \noindent \unhbox \@tempboxa #2}\else \ifCLASSOPTIONcon
ference \hbox to\hsize {\normalfont \footnotesize \hfil \box \@tempboxa \hfil }
\else \hbox to\hsize {\normalfont \footnotesize \box \@tempboxa \hfil }\fi \fi 
\fi  on input line 1175.
)

Package caption Warning: Unknown document class (or package),
(caption)                standard defaults will be used.
See the caption package documentation for explanation.

\c@caption@flags=\count319
\c@continuedfloat=\count320
Package caption Info: subfigure package is loaded.
) (d:/Program Files/texlive/2026/texmf-dist/tex/latex/float/float.sty
Package: float 2001/11/08 v1.3d Float enhancements (AL)
\c@float@type=\count321
\float@exts=\toks40
\float@box=\box67
\@float@everytoks=\toks41
\@floatcapt=\box68
)
(d:/Program Files/texlive/2026/texmf-dist/tex/latex/caption/subcaption.sty
Package: subcaption 2023/07/28 v1.6b Sub-captions (AR)
LaTeX Info: Redefining \subref on input line 189.
Package subcaption Info: The counter `subfigure' was already defined by
(subcaption)             an unknown document class or package on input line 238
.
Package subcaption Info: The counter `subtable' was already defined by
(subcaption)             an unknown document class or package on input line 238
.
)

LaTeX Warning: Package "xcolor" has already been loaded: ignoring load-time
(LaTeX)        option "xcdraw".

(d:/Program Files/texlive/2026/texmf-dist/tex/latex/tools/indentfirst.sty
Package: indentfirst 2023/07/02 v1.03 Indent first paragraph (DPC)
)
(d:/Program Files/texlive/2026/texmf-dist/tex/latex/l3backend/l3backend-pdftex.
def
File: l3backend-pdftex.def 2026-02-18 L3 backend support: PDF output (pdfTeX)
\l__color_backend_stack_int=\count322
) (./main.aux

LaTeX Warning: Label `eq:cross_link_indicator' multiply defined.


LaTeX Warning: Label `eq:received_power' multiply defined.


LaTeX Warning: Label `eq:snr_formal' multiply defined.


LaTeX Warning: Label `eq:shannon_capacity' multiply defined.

)
\openout1 = `main.aux'.

LaTeX Font Info:    Checking defaults for OML/cmm/m/it on input line 43.
LaTeX Font Info:    ... okay on input line 43.
LaTeX Font Info:    Checking defaults for OMS/cmsy/m/n on input line 43.
LaTeX Font Info:    ... okay on input line 43.
LaTeX Font Info:    Checking defaults for OT1/cmr/m/n on input line 43.
LaTeX Font Info:    ... okay on input line 43.
LaTeX Font Info:    Checking defaults for T1/cmr/m/n on input line 43.
LaTeX Font Info:    ... okay on input line 43.
LaTeX Font Info:    Checking defaults for TS1/cmr/m/n on input line 43.
LaTeX Font Info:    ... okay on input line 43.
LaTeX Font Info:    Checking defaults for OMX/cmex/m/n on input line 43.
LaTeX Font Info:    ... okay on input line 43.
LaTeX Font Info:    Checking defaults for U/cmr/m/n on input line 43.
LaTeX Font Info:    ... okay on input line 43.

-- Lines per column: 56 (exact).
(d:/Program Files/texlive/2026/texmf-dist/tex/context/base/mkii/supp-pdf.mkii
[Loading MPS to PDF converter (version 2006.09.02).]
\scratchcounter=\count323
\scratchdimen=\dimen285
\scratchbox=\box69
\nofMPsegments=\count324
\nofMParguments=\count325
\everyMPshowfont=\toks42
\MPscratchCnt=\count326
\MPscratchDim=\dimen286
\MPnumerator=\count327
\makeMPintoPDFobject=\count328
\everyMPtoPDFconversion=\toks43
)
(d:/Program Files/texlive/2026/texmf-dist/tex/latex/epstopdf-pkg/epstopdf-base.
sty
Package: epstopdf-base 2020-01-24 v2.11 Base part for package epstopdf
Package epstopdf-base Info: Redefining graphics rule for `.eps' on input line 4
85.

(d:/Program Files/texlive/2026/texmf-dist/tex/latex/latexconfig/epstopdf-sys.cf
g
File: epstopdf-sys.cfg 2010/07/13 v1.3 Configuration of (r)epstopdf for TeX Liv
e
))
Package caption Info: Begin \AtBeginDocument code.
Package caption Info: float package is loaded.
Package caption Info: End \AtBeginDocument code.
<figs/sys_scenario2.pdf, id=1, 1248.37828pt x 493.94208pt>
File: figs/sys_scenario2.pdf Graphic file (type pdf)
<use figs/sys_scenario2.pdf>
Package pdftex.def Info: figs/sys_scenario2.pdf  used on input line 84.
(pdftex.def)             Requested size: 231.83954pt x 91.72455pt.
 [1{d:/Program Files/texlive/2026/texmf-var/fonts/map/pdftex/updmap/pdftex.map}
{d:/Program Files/texlive/2026/texmf-dist/fonts/enc/dvips/base/8r.enc}


 <./figs/sys_scenario2.pdf>]
LaTeX Font Info:    Trying to load font information for U+msa on input line 107
.

(d:/Program Files/texlive/2026/texmf-dist/tex/latex/amsfonts/umsa.fd
File: umsa.fd 2013/01/14 v3.01 AMS symbols A
)
LaTeX Font Info:    Trying to load font information for U+msb on input line 107
.

(d:/Program Files/texlive/2026/texmf-dist/tex/latex/amsfonts/umsb.fd
File: umsb.fd 2013/01/14 v3.01 AMS symbols B
)
Underfull \hbox (badness 2495) in paragraph at lines 108--110
[]\OT1/ptm/b/n/10 Augmented Satellite-Microservice Sub-graph Con-
 []


LaTeX Warning: Reference `sec:E2CR4Micro' on page 2 undefined on input line 118
.

[2] [3] [4] [5]
<figs/ms_split.pdf, id=100, 749.92169pt x 198.7425pt>
File: figs/ms_split.pdf Graphic file (type pdf)
<use figs/ms_split.pdf>
Package pdftex.def Info: figs/ms_split.pdf  used on input line 1160.
(pdftex.def)             Requested size: 252.0pt x 66.78308pt.
 [6 <./figs/ms_split.pdf>]

LaTeX Warning: Reference `eq:shannon_rate2' on page 7 undefined on input line 1
256.


LaTeX Warning: Reference `eq:comm_energy_cost' on page 7 undefined on input lin
e 1256.

<figs/satellite_routing.pdf, id=118, 770.43419pt x 346.20764pt>
File: figs/satellite_routing.pdf Graphic file (type pdf)
<use figs/satellite_routing.pdf>
Package pdftex.def Info: figs/satellite_routing.pdf  used on input line 1267.
(pdftex.def)             Requested size: 189.0pt x 84.9299pt.
<figs/2.pdf, id=119, 1746.525pt x 440.39531pt>
File: figs/2.pdf Graphic file (type pdf)
<use figs/2.pdf>
Package pdftex.def Info: figs/2.pdf  used on input line 1284.
(pdftex.def)             Requested size: 495.36346pt x 124.90916pt.

LaTeX Warning: `h' float specifier changed to `ht'.

[7 <./figs/satellite_routing.pdf>]

LaTeX Warning: `h' float specifier changed to `ht'.

[8 <./figs/2.pdf>]
<figs/exp/chain_tree.pdf, id=156, 427.5975pt x 193.6836pt>
File: figs/exp/chain_tree.pdf Graphic file (type pdf)
<use figs/exp/chain_tree.pdf>
Package pdftex.def Info: figs/exp/chain_tree.pdf  used on input line 1434.
(pdftex.def)             Requested size: 126.0pt x 57.07114pt.
<figs/exp/stree_micro.pdf, id=157, 627.30356pt x 283.0575pt>
File: figs/exp/stree_micro.pdf Graphic file (type pdf)
<use figs/exp/stree_micro.pdf>
Package pdftex.def Info: figs/exp/stree_micro.pdf  used on input line 1439.
(pdftex.def)             Requested size: 176.39923pt x 79.59676pt.

Underfull \hbox (badness 2635) in paragraph at lines 1458--1459
[]\OT1/ptm/b/n/10 Microservices. \OT1/ptm/m/n/10 Ac-cord-ing to the mi-croser-v
ice set-ting
 []

<figs/new-exp/constellation72.pdf, id=158, 587.42pt x 465.66281pt>
File: figs/new-exp/constellation72.pdf Graphic file (type pdf)
<use figs/new-exp/constellation72.pdf>
Package pdftex.def Info: figs/new-exp/constellation72.pdf  used on input line 1
496.
(pdftex.def)             Requested size: 144.47937pt x 114.53247pt.
<figs/new-exp/constellation48.pdf, id=159, 587.40211pt x 465.66281pt>
File: figs/new-exp/constellation48.pdf Graphic file (type pdf)
<use figs/new-exp/constellation48.pdf>
Package pdftex.def Info: figs/new-exp/constellation48.pdf  used on input line 1
502.
(pdftex.def)             Requested size: 144.47937pt x 114.53247pt.
<figs/new-exp/constellation108.pdf, id=160, 587.42pt x 465.66281pt>
File: figs/new-exp/constellation108.pdf Graphic file (type pdf)
<use figs/new-exp/constellation108.pdf>
Package pdftex.def Info: figs/new-exp/constellation108.pdf  used on input line 
1508.
(pdftex.def)             Requested size: 144.47937pt x 114.53247pt.
<figs/new-exp/trans_power_chain.pdf, id=161, 629.78592pt x 453.80531pt>
File: figs/new-exp/trans_power_chain.pdf Graphic file (type pdf)
<use figs/new-exp/trans_power_chain.pdf>
Package pdftex.def Info: figs/new-exp/trans_power_chain.pdf  used on input line
 1521.
(pdftex.def)             Requested size: 144.47937pt x 104.10297pt.
<figs/new-exp/trans_power_tree.pdf, id=162, 629.78592pt x 453.7979pt>
File: figs/new-exp/trans_power_tree.pdf Graphic file (type pdf)
<use figs/new-exp/trans_power_tree.pdf>
Package pdftex.def Info: figs/new-exp/trans_power_tree.pdf  used on input line 
1527.
(pdftex.def)             Requested size: 144.47937pt x 104.10126pt.
<figs/new-exp/trans_power_stree.pdf, id=163, 629.78592pt x 453.7979pt>
File: figs/new-exp/trans_power_stree.pdf Graphic file (type pdf)
<use figs/new-exp/trans_power_stree.pdf>
Package pdftex.def Info: figs/new-exp/trans_power_stree.pdf  used on input line
 1533.
(pdftex.def)             Requested size: 144.47937pt x 104.10126pt.
[9 <./figs/exp/chain_tree.pdf> <./figs/exp/stree_micro.pdf>]
Underfull \vbox (badness 10000) has occurred while \output is active []

<figs/new-exp/robust_chain.pdf, id=185, 593.19186pt x 485.0953pt>
File: figs/new-exp/robust_chain.pdf Graphic file (type pdf)
<use figs/new-exp/robust_chain.pdf>
Package pdftex.def Info: figs/new-exp/robust_chain.pdf  used on input line 1570
.
(pdftex.def)             Requested size: 144.47937pt x 118.1499pt.
<figs/new-exp/robust_tree.pdf, id=186, 593.19554pt x 485.0953pt>
File: figs/new-exp/robust_tree.pdf Graphic file (type pdf)
<use figs/new-exp/robust_tree.pdf>
Package pdftex.def Info: figs/new-exp/robust_tree.pdf  used on input line 1576.

(pdftex.def)             Requested size: 144.47937pt x 118.1499pt.
<figs/new-exp/robust_stree.pdf, id=187, 593.19554pt x 485.0953pt>
File: figs/new-exp/robust_stree.pdf Graphic file (type pdf)
<use figs/new-exp/robust_stree.pdf>
Package pdftex.def Info: figs/new-exp/robust_stree.pdf  used on input line 1582
.
(pdftex.def)             Requested size: 144.47937pt x 118.1499pt.

Underfull \vbox (badness 10000) has occurred while \output is active []

 [10 <./figs/new-exp/constellation72.pdf> <./figs/new-exp/constellation48.pdf

pdfTeX warning: pdflatex.exe (file ./figs/new-exp/constellation48.pdf): PDF inc
lusion: multiple pdfs with page group included in a single page
> <./figs/new-exp/constellation108.pdf

pdfTeX warning: pdflatex.exe (file ./figs/new-exp/constellation108.pdf): PDF in
clusion: multiple pdfs with page group included in a single page
> <./figs/new-exp/trans_power_chain.pdf

pdfTeX warning: pdflatex.exe (file ./figs/new-exp/trans_power_chain.pdf): PDF i
nclusion: multiple pdfs with page group included in a single page
> <./figs/new-exp/trans_power_tree.pdf

pdfTeX warning: pdflatex.exe (file ./figs/new-exp/trans_power_tree.pdf): PDF in
clusion: multiple pdfs with page group included in a single page
> <./figs/new-exp/trans_power_stree.pdf

pdfTeX warning: pdflatex.exe (file ./figs/new-exp/trans_power_stree.pdf): PDF i
nclusion: multiple pdfs with page group included in a single page
>]
<figs/new-exp/svc_replica_chain.pdf, id=305, 592.11472pt x 489.36327pt>
File: figs/new-exp/svc_replica_chain.pdf Graphic file (type pdf)
<use figs/new-exp/svc_replica_chain.pdf>
Package pdftex.def Info: figs/new-exp/svc_replica_chain.pdf  used on input line
 1595.
(pdftex.def)             Requested size: 144.47937pt x 119.40594pt.
<figs/new-exp/svc_replica_tree.pdf, id=306, 592.11472pt x 489.36327pt>
File: figs/new-exp/svc_replica_tree.pdf Graphic file (type pdf)
<use figs/new-exp/svc_replica_tree.pdf>
Package pdftex.def Info: figs/new-exp/svc_replica_tree.pdf  used on input line 
1601.
(pdftex.def)             Requested size: 144.47937pt x 119.40594pt.
<figs/new-exp/svc_replica_stree.pdf, id=307, 592.11472pt x 489.36327pt>
File: figs/new-exp/svc_replica_stree.pdf Graphic file (type pdf)
<use figs/new-exp/svc_replica_stree.pdf>
Package pdftex.def Info: figs/new-exp/svc_replica_stree.pdf  used on input line
 1607.
(pdftex.def)             Requested size: 144.47937pt x 119.40594pt.
<figs/new-exp/StreeDist.pdf, id=308, 599.24867pt x 467.9645pt>
File: figs/new-exp/StreeDist.pdf Graphic file (type pdf)
<use figs/new-exp/StreeDist.pdf>
Package pdftex.def Info: figs/new-exp/StreeDist.pdf  used on input line 1629.
(pdftex.def)             Requested size: 189.0pt x 147.59525pt.
 (./main.bbl
Underfull \vbox (badness 1412) has occurred while \output is active []


Underfull \hbox (badness 3000) in paragraph at lines 26--30
[]\OT1/ptm/m/n/8 H. Al-Hraishawi, H. Chougrani, S. Kisse-l-eff, E. La-gu-nas, a
nd
 []

[11] [12 <./figs/new-exp/robust_chain.pdf> <./figs/new-exp/robust_tree.pdf

pdfTeX warning: pdflatex.exe (file ./figs/new-exp/robust_tree.pdf): PDF inclusi
on: multiple pdfs with page group included in a single page
> <./figs/new-exp/robust_stree.pdf

pdfTeX warning: pdflatex.exe (file ./figs/new-exp/robust_stree.pdf): PDF inclus
ion: multiple pdfs with page group included in a single page
> <./figs/new-exp/svc_replica_chain.pdf

pdfTeX warning: pdflatex.exe (file ./figs/new-exp/svc_replica_chain.pdf): PDF i
nclusion: multiple pdfs with page group included in a single page
> <./figs/new-exp/svc_replica_tree.pdf

pdfTeX warning: pdflatex.exe (file ./figs/new-exp/svc_replica_tree.pdf): PDF in
clusion: multiple pdfs with page group included in a single page
> <./figs/new-exp/svc_replica_stree.pdf

pdfTeX warning: pdflatex.exe (file ./figs/new-exp/svc_replica_stree.pdf): PDF i
nclusion: multiple pdfs with page group included in a single page
> <./figs/new-exp/StreeDist.pdf

pdfTeX warning: pdflatex.exe (file ./figs/new-exp/StreeDist.pdf): PDF inclusion
: multiple pdfs with page group included in a single page
>])

** Conference Paper **
Before submitting the final camera ready copy, remember to:

 1. Manually equalize the lengths of two columns on the last page
 of your paper;

 2. Ensure that any PostScript and/or PDF output post-processing
 uses only Type 1 fonts and that every step in the generation
 process uses the appropriate paper size.

[13

] (./main.aux)
 ***********
LaTeX2e <2025-11-01>
L3 programming layer <2026-03-20>
 ***********


LaTeX Warning: There were undefined references.


LaTeX Warning: There were multiply-defined labels.

 ) 
Here is how much of TeX's memory you used:
 8256 strings out of 467349
 142656 string characters out of 5412450
 585824 words of memory out of 5000000
 37199 multiletter control sequences out of 15000+600000
 669972 words of font info for 114 fonts, out of 8000000 for 9000
 1144 hyphenation exceptions out of 8191
 71i,20n,83p,1369b,561s stack positions out of 10000i,1000n,20000p,200000b,200000s
<d:/Program Files/texlive/2026/texmf-dist/fonts/type1/public/amsfonts/cm/cmbx
10.pfb><d:/Program Files/texlive/2026/texmf-dist/fonts/type1/public/amsfonts/cm
/cmbx7.pfb><d:/Program Files/texlive/2026/texmf-dist/fonts/type1/public/amsfont
s/cm/cmex10.pfb><d:/Program Files/texlive/2026/texmf-dist/fonts/type1/public/am
sfonts/cm/cmmi10.pfb><d:/Program Files/texlive/2026/texmf-dist/fonts/type1/publ
ic/amsfonts/cm/cmmi5.pfb><d:/Program Files/texlive/2026/texmf-dist/fonts/type1/
public/amsfonts/cm/cmmi7.pfb><d:/Program Files/texlive/2026/texmf-dist/fonts/ty
pe1/public/amsfonts/cm/cmr10.pfb><d:/Program Files/texlive/2026/texmf-dist/font
s/type1/public/amsfonts/cm/cmr5.pfb><d:/Program Files/texlive/2026/texmf-dist/f
onts/type1/public/amsfonts/cm/cmr7.pfb><d:/Program Files/texlive/2026/texmf-dis
t/fonts/type1/public/amsfonts/cm/cmsy10.pfb><d:/Program Files/texlive/2026/texm
f-dist/fonts/type1/public/amsfonts/cm/cmsy5.pfb><d:/Program Files/texlive/2026/
texmf-dist/fonts/type1/public/amsfonts/cm/cmsy7.pfb><d:/Program Files/texlive/2
026/texmf-dist/fonts/type1/public/amsfonts/symbols/msam10.pfb><d:/Program Files
/texlive/2026/texmf-dist/fonts/type1/public/amsfonts/symbols/msbm10.pfb><d:/Pro
gram Files/texlive/2026/texmf-dist/fonts/type1/urw/times/utmb8a.pfb><d:/Program
 Files/texlive/2026/texmf-dist/fonts/type1/urw/times/utmbi8a.pfb><d:/Program Fi
les/texlive/2026/texmf-dist/fonts/type1/urw/times/utmr8a.pfb><d:/Program Files/
texlive/2026/texmf-dist/fonts/type1/urw/times/utmri8a.pfb><d:/Program Files/tex
live/2026/texmf-dist/fonts/type1/urw/zapfding/uzdr.pfb>
Output written on main.pdf (13 pages, 3559225 bytes).
PDF statistics:
 476 PDF objects out of 1000 (max. 8388607)
 318 compressed objects within 4 object streams
 0 named destinations out of 1000 (max. 500000)
 96 words of extra memory for PDF output out of 10000 (max. 10000000)

